Microchip MPLAB XC8 Compiler V2.45

Linker command line:

-W-3 \
  --edf=C:\Program Files\Microchip\xc8\v2.45\pic\dat\20230818022343_en.msgs \
  -cn -h+dist/default/debug\Project.X.debug.sym \
  --cmf=dist/default/debug\Project.X.debug.cmf -z -Q18F4520 \
  -oC:\Users\willy\AppData\Local\Temp\xcAsmk0.\driver_tmp_3.o \
  --defsym=__MPLAB_BUILD=1 --fixupoverflow=error \
  -Mdist/default/debug/Project.X.debug.map \
  --md=C:\Users\willy\AppData\Local\Temp\xcAsmk0.\driver_tmp_0.dat -E1 \
  -ver=XC8 Compiler --acfsm=1493 -ACODE=00h-07DBFh -ACONST=00h-07DBFh \
  -ASMALLCONST=0600h-06FFhx119,07D00h-07DBFh -AMEDIUMCONST=0600h-07DBFh \
  -ACOMRAM=01h-07Fh -AABS1=00h-05F3h -ABIGRAM=01h-05F3h \
  -ARAM=080h-0FFh,0100h-01FFhx4,0500h-05F3h -ABANK0=080h-0FFh \
  -ABANK1=0100h-01FFh -ABANK2=0200h-02FFh -ABANK3=0300h-03FFh \
  -ABANK4=0400h-04FFh -ABANK5=0500h-05F3h \
  -ASFR=0F80h-0F9Bh,0F9Dh-0FD3h,0FD5h-0FDAh,0FE0h-0FE2h,0FE8h-0FEAh,0FF0h-0FFCh \
  -ABIGSFR=0F80h-0F9Bh,0F9Dh-0FD3h,0FD5h-0FDAh,0FE0h-0FE2h,0FE8h-0FEAh,0FF0h-0FFCh \
  -ACONFIG=0300000h-030000Dh -AIDLOC=0200000h-0200007h \
  -AEEDATA=0F00000h-0F000FFh -peeprom_data=EEDATA \
  -preset_vec=00h,intcode=08h,intcodelo,powerup,init -pramtop=0600h \
  -psmallconst=SMALLCONST -pmediumconst=MEDIUMCONST -pconst=CONST \
  -AFARRAM=00h-00h \
  -prdata=COMRAM,nvrram=COMRAM,nvbit=COMRAM,rbss=COMRAM,rbit=COMRAM \
  -pfarbss=FARRAM,fardata=FARRAM,nvFARRAM=FARRAM \
  -pintsave_regs=BIGRAM,bigbss=BIGRAM,bigdata=BIGRAM -pbss=RAM \
  -pidata=CODE,irdata=CODE,ibigdata=CODE,ifardata=CODE -prparam=COMRAM \
  C:\Users\willy\AppData\Local\Temp\xcAsmk0.\driver_tmp_9.o \
  dist/default/debug\Project.X.debug.o 

Object code version is 3.11

Machine type is 18F4520



                Name                               Link     Load   Length Selector   Space Scale
C:\Users\willy\AppData\Local\Temp\xcAsmk0.\driver_tmp_9.o
                idloc                            200000   200000        8        0       5
                config                           300000   300000        E        0       4
                init                                  E        E        4        4       0
                reset_vec                             0        0        4        0       0
dist/default/debug\Project.X.debug.o
                intcode                               8        8        6        4       0
                idloc                            200000   200000        8        0       5
                config                           300000   300000        E        0       4
                temp                                 1C       1C        1        1       1
                smallconst                          600      600        2      300       0
                text17                              B86      B86        8      301       0
                text16                              B68      B68        C      301       0
                text15                              B7E      B7E        8      301       0
                text14                              984      984       42      301       0
                text13                              A34      A34       32      301       0
                text12                              9C6      9C6       38      301       0
                text11                              B74      B74        A      301       0
                text10                              AB2      AB2       26      301       0
                text9                               A8C      A8C       26      301       0
                text8                               A66      A66       26      301       0
                text7                               AFA      AFA       22      301       0
                text6                               B38      B38       1C      301       0
                text5                               92A      92A       5A      301       0
                intcode_body                        602      602      2CE      301       0
                text3                               AD8      AD8       22      301       0
                text2                               B1C      B1C       1C      301       0
                text1                               8D0      8D0       5A      301       0
                text0                               B54      B54       14      301       0
                cstackCOMRAM                          1        1       10        1       1
                dataCOMRAM                           11       11        7        1       1
                bssCOMRAM                            18       18        4        1       1
                cinit                               9FE      9FE       36      301       0
                idataCOMRAM                         B8E      B8E        7      301       0

TOTAL           Name                               Link     Load   Length     Space
        CLASS   CODE           
                intcode                               8        8        6         0
                init                                  E        E        4         0
                reset_vec                             0        0        4         0
                text17                              B86      B86        8         0
                text16                              B68      B68        C         0
                text15                              B7E      B7E        8         0
                text14                              984      984       42         0
                text13                              A34      A34       32         0
                text12                              9C6      9C6       38         0
                text11                              B74      B74        A         0
                text10                              AB2      AB2       26         0
                text9                               A8C      A8C       26         0
                text8                               A66      A66       26         0
                text7                               AFA      AFA       22         0
                text6                               B38      B38       1C         0
                text5                               92A      92A       5A         0
                intcode_body                        602      602      2CE         0
                text3                               AD8      AD8       22         0
                text2                               B1C      B1C       1C         0
                text1                               8D0      8D0       5A         0
                text0                               B54      B54       14         0
                cinit                               9FE      9FE       36         0
                idataCOMRAM                         B8E      B8E        7         0

        CLASS   CONST          

        CLASS   SMALLCONST     
                smallconst                          600      600        2         0

        CLASS   MEDIUMCONST    

        CLASS   COMRAM         
                temp                                 1C       1C        1         1
                cstackCOMRAM                          1        1       10         1
                dataCOMRAM                           11       11        7         1
                bssCOMRAM                            18       18        4         1

        CLASS   ABS1           

        CLASS   BIGRAM         

        CLASS   RAM            

        CLASS   BANK0          

        CLASS   BANK1          

        CLASS   BANK2          

        CLASS   BANK3          

        CLASS   BANK4          

        CLASS   BANK5          

        CLASS   SFR            

        CLASS   BIGSFR         

        CLASS   CONFIG         
                config                           300000   300000        E         4

        CLASS   IDLOC          
                idloc                            200000   200000        8         5

        CLASS   EEDATA         

        CLASS   FARRAM         

        CLASS   HEAP           

        CLASS   STACK          



SEGMENTS        Name                           Load    Length   Top    Selector   Space  Class

                reset_vec                      000000  000004  000004         0       0  CODE    
                cstackCOMRAM                   000001  00001C  00001D         1       1  COMRAM  
                intcode                        000008  00000A  000012         4       0  CODE    
                smallconst                     000600  000002  000602       300       0  SMALLCON
                intcode_body                   000602  000593  000B95       301       0  CODE    


UNUSED ADDRESS RANGES

        Name                Unused          Largest block    Delta
        BANK0            000080-0000FF               80
        BANK1            000100-0001FF              100
        BANK2            000200-0002FF              100
        BANK3            000300-0003FF              100
        BANK4            000400-0004FF              100
        BANK5            000500-0005F3               F4
        BIGRAM           00001D-0005F3              5D7
        BIGSFR           000F80-000F9B               1C
                         000F9D-000FD3               37
                         000FD5-000FDA                6
                         000FE0-000FE2                3
                         000FE8-000FEA                3
                         000FF0-000FFC                D
        CODE             000004-000007                4
                         000012-0005FF              5EE
                         000B95-007DBF             722B
        COMRAM           00001D-00007F               63
        CONST            000004-000007                4
                         000012-0005FF              5EE
                         000B95-007DBF             722B
        EEDATA           F00000-F000FF              100
        MEDIUMCONST      000B95-007DBF             722B
        RAM              000080-0005F3              100
        SFR              000F80-000F9B               1C
                         000F9D-000FD3               37
                         000FD5-000FDA                6
                         000FE0-000FE2                3
                         000FE8-000FEA                3
                         000FF0-000FFC                D
        SMALLCONST       000B95-007DBF              100

                                  Symbol Table

H_ISR@Hvalue                 cstackCOMRAM 00000C
H_ISR@Lvalue                 cstackCOMRAM 00000A
H_ISR@Value                  cstackCOMRAM 00000E
H_ISR@data                   cstackCOMRAM 000010
Write@data                   cstackCOMRAM 000003
Write_char@data              cstackCOMRAM 000002
Write_string@i               cstackCOMRAM 000004
Write_string@text            cstackCOMRAM 000003
_ADCON0bits                  (abs)        000FC2
_ADCON1bits                  (abs)        000FC1
_ADCON2bits                  (abs)        000FC0
_ADRESH                      (abs)        000FC4
_ADRESL                      (abs)        000FC3
_BAUDCONbits                 (abs)        000FB8
_BlueTooth_Init              text3        000AD8
_Buzzer_Initialize           text2        000B1C
_CCP1CONbits                 (abs)        000FBD
_CCPR1L                      (abs)        000FBE
_H_ISR                       intcode      000008
_INTCON2bits                 (abs)        000FF1
_INTCONbits                  (abs)        000FF2
_IPR1bits                    (abs)        000F9F
_LATC                        (abs)        000F8B
_Mode_1_Setting              text17       000B86
_Mode_2_Setting              text16       000B68
_Mode_3_Setting              text15       000B7E
_OSCCONbits                  (abs)        000FD3
_PIE1bits                    (abs)        000F9D
_PIR1bits                    (abs)        000F9E
_PR2                         (abs)        000FCB
_RCIF                        (abs)        007CF5
_RCONbits                    (abs)        000FD0
_RCREG                       (abs)        000FAE
_RCSTAbits                   (abs)        000FAB
_SPBRG                       (abs)        000FAF
_SmokeFlag                   bssCOMRAM    00001B
_State                       bssCOMRAM    000018
_System_Init                 text1        0008D0
_T0CONbits                   (abs)        000FD5
_T2CONbits                   (abs)        000FCA
_TRISA                       (abs)        000F92
_TRISBbits                   (abs)        000F93
_TRISC                       (abs)        000F94
_TRISCbits                   (abs)        000F94
_TRMT                        (abs)        007D61
_TXIF                        (abs)        007CF4
_TXREG                       (abs)        000FAD
_TXSTAbits                   (abs)        000FAC
_TempFlag                    bssCOMRAM    00001A
_Write                       text14       000984
_Write_char                  text13       000A34
_Write_string                text12       0009C6
__HRAM                       (abs)        000000
__H__absolute__              __absolute__ 000000
__Habs1                      abs1         000000
__Hbank0                     bank0        000000
__Hbank1                     bank1        000000
__Hbank2                     bank2        000000
__Hbank3                     bank3        000000
__Hbank4                     bank4        000000
__Hbank5                     bank5        000000
__Hbigbss                    bigbss       000000
__Hbigdata                   bigdata      000000
__Hbigram                    bigram       000000
__Hbigsfr                    bigsfr       000000
__Hbss                       bss          000000
__HbssCOMRAM                 bssCOMRAM    000000
__Hcinit                     cinit        000000
__Hclrtext                   clrtext      000000
__Hcomram                    comram       000000
__Hconfig                    config       30000E
__Hconst                     const        000000
__HcstackCOMRAM              cstackCOMRAM 000000
__Hdata                      data         000000
__HdataCOMRAM                dataCOMRAM   000000
__Heeprom_data               eeprom_data  000000
__Hfarbss                    farbss       000000
__Hfardata                   fardata      000000
__Hheap                      heap         000000
__Hibigdata                  ibigdata     000000
__Hidata                     idata        000000
__HidataCOMRAM               idataCOMRAM  000000
__Hidloc                     idloc        200008
__Hifardata                  ifardata     000000
__Hinit                      init         000012
__Hintcode                   intcode      00000E
__Hintcode_body              intcode_body 000000
__Hintcodelo                 intcodelo    00000E
__Hintentry                  intentry     000000
__Hintret                    intret       000000
__Hintsave_regs              intsave_regs 000000
__Hirdata                    irdata       000000
__Hmediumconst               mediumconst  000000
__HnvFARRAM                  nvFARRAM     000000
__Hnvbit                     nvbit        000000
__Hnvrram                    nvrram       000000
__Hparam                     rparam       000000
__Hpowerup                   powerup      00000E
__Hram                       ram          000000
__Hramtop                    ramtop       000600
__Hrbit                      rbit         000000
__Hrbss                      rbss         000000
__Hrdata                     rdata        000000
__Hreset_vec                 reset_vec    000004
__Hrparam                    rparam       000000
__Hsfr                       sfr          000000
__Hsmallconst                smallconst   000602
__Hspace_0                   (abs)        000B95
__Hspace_1                   (abs)        00001D
__Hspace_2                   (abs)        000000
__Hspace_4                   (abs)        60000E
__Hstack                     stack        000000
__Hstruct                    struct       000000
__Htemp                      temp         00001D
__Htext                      text         000000
__Htext0                     text0        000000
__Htext1                     text1        000000
__Htext10                    text10       000000
__Htext11                    text11       000000
__Htext12                    text12       000000
__Htext13                    text13       000000
__Htext14                    text14       000000
__Htext15                    text15       000000
__Htext16                    text16       000000
__Htext17                    text17       000000
__Htext2                     text2        000000
__Htext3                     text3        000000
__Htext5                     text5        000000
__Htext6                     text6        000000
__Htext7                     text7        000000
__Htext8                     text8        000000
__Htext9                     text9        000000
__LRAM                       (abs)        000001
__L__absolute__              __absolute__ 000000
__Labs1                      abs1         000000
__Lbank0                     bank0        000000
__Lbank1                     bank1        000000
__Lbank2                     bank2        000000
__Lbank3                     bank3        000000
__Lbank4                     bank4        000000
__Lbank5                     bank5        000000
__Lbigbss                    bigbss       000000
__Lbigdata                   bigdata      000000
__Lbigram                    bigram       000000
__Lbigsfr                    bigsfr       000000
__Lbss                       bss          000000
__LbssCOMRAM                 bssCOMRAM    000000
__Lcinit                     cinit        000000
__Lclrtext                   clrtext      000000
__Lcomram                    comram       000000
__Lconfig                    config       000000
__Lconst                     const        000000
__LcstackCOMRAM              cstackCOMRAM 000000
__Ldata                      data         000000
__LdataCOMRAM                dataCOMRAM   000000
__Leeprom_data               eeprom_data  000000
__Lfarbss                    farbss       000000
__Lfardata                   fardata      000000
__Lheap                      heap         000000
__Libigdata                  ibigdata     000000
__Lidata                     idata        000000
__LidataCOMRAM               idataCOMRAM  000000
__Lidloc                     idloc        000000
__Lifardata                  ifardata     000000
__Linit                      init         00000E
__Lintcode                   intcode      000008
__Lintcode_body              intcode_body 000000
__Lintcodelo                 intcodelo    00000E
__Lintentry                  intentry     000000
__Lintret                    intret       000000
__Lintsave_regs              intsave_regs 000000
__Lirdata                    irdata       000000
__Lmediumconst               mediumconst  000000
__LnvFARRAM                  nvFARRAM     000000
__Lnvbit                     nvbit        000000
__Lnvrram                    nvrram       000000
__Lparam                     rparam       000000
__Lpowerup                   powerup      00000E
__Lram                       ram          000000
__Lramtop                    ramtop       000600
__Lrbit                      rbit         000000
__Lrbss                      rbss         000000
__Lrdata                     rdata        000000
__Lreset_vec                 reset_vec    000000
__Lrparam                    rparam       000000
__Lsfr                       sfr          000000
__Lsmallconst                smallconst   000600
__Lspace_0                   (abs)        000000
__Lspace_1                   (abs)        000000
__Lspace_2                   (abs)        000000
__Lspace_4                   (abs)        000000
__Lstack                     stack        000000
__Lstruct                    struct       000000
__Ltemp                      temp         00001C
__Ltext                      text         000000
__Ltext0                     text0        000000
__Ltext1                     text1        000000
__Ltext10                    text10       000000
__Ltext11                    text11       000000
__Ltext12                    text12       000000
__Ltext13                    text13       000000
__Ltext14                    text14       000000
__Ltext15                    text15       000000
__Ltext16                    text16       000000
__Ltext17                    text17       000000
__Ltext2                     text2        000000
__Ltext3                     text3        000000
__Ltext5                     text5        000000
__Ltext6                     text6        000000
__Ltext7                     text7        000000
__Ltext8                     text8        000000
__Ltext9                     text9        000000
__S0                         (abs)        000B95
__S1                         (abs)        00001D
__S4                         (abs)        000000
__S5                         (abs)        000000
___heap_hi                   (abs)        000000
___heap_lo                   (abs)        000000
___inthi_sp                  stack        000000
___inthi_stack_hi            stack        000000
___inthi_stack_lo            stack        000000
___intlo_sp                  stack        000000
___intlo_stack_hi            stack        000000
___intlo_stack_lo            stack        000000
___param_bank                (abs)        000000
___rparam_used               (abs)        000001
___sp                        stack        000000
___stack_hi                  stack        000000
___stack_lo                  stack        000000
__accesstop                  (abs)        000080
__activetblptr               (abs)        000002
__end_of_BlueTooth_Init      text3        000AFA
__end_of_Buzzer_Initialize   text2        000B38
__end_of_H_ISR               intcode_body 0008D0
__end_of_Mode_1_Setting      text17       000B8E
__end_of_Mode_2_Setting      text16       000B74
__end_of_Mode_3_Setting      text15       000B86
__end_of_System_Init         text1        00092A
__end_of_Write               text14       0009C6
__end_of_Write_char          text13       000A66
__end_of_Write_string        text12       0009FE
__end_of__initialization     cinit        000A26
__end_of_buzzer_close        text11       000B7E
__end_of_buzzer_ring         text10       000AD8
__end_of_main                text0        000B68
__end_of_smokeDetected       text9        000AB2
__end_of_tempHigh            text8        000A8C
__end_ofi2_BlueTooth_Init    text7        000B1C
__end_ofi2_Buzzer_Initialize text6        000B54
__end_ofi2_System_Init       text5        000984
__initialization             cinit        0009FE
__mediumconst                mediumconst  000000
__pbssCOMRAM                 bssCOMRAM    000018
__pcinit                     cinit        0009FE
__pcstackCOMRAM              cstackCOMRAM 000001
__pdataCOMRAM                dataCOMRAM   000011
__pidataCOMRAM               idataCOMRAM  000B8E
__pintcode                   intcode      000008
__pintcode_body              intcode_body 000602
__psmallconst                smallconst   000600
__ptext0                     text0        000B54
__ptext1                     text1        0008D0
__ptext10                    text10       000AB2
__ptext11                    text11       000B74
__ptext12                    text12       0009C6
__ptext13                    text13       000A34
__ptext14                    text14       000984
__ptext15                    text15       000B7E
__ptext16                    text16       000B68
__ptext17                    text17       000B86
__ptext2                     text2        000B1C
__ptext3                     text3        000AD8
__ptext5                     text5        00092A
__ptext6                     text6        000B38
__ptext7                     text7        000AFA
__ptext8                     text8        000A66
__ptext9                     text9        000A8C
__ramtop                     ramtop       000600
__smallconst                 smallconst   000600
_a                           dataCOMRAM   000011
_buzzer_close                text11       000B74
_buzzer_ring                 text10       000AB2
_main                        text0        000B54
_smokeDetected               text9        000A8C
_tempHigh                    text8        000A66
btemp                        temp         00001C
end_of_initialization        cinit        000A26
i2_BlueTooth_Init            text7        000AFA
i2_Buzzer_Initialize         text6        000B38
i2_System_Init               text5        00092A
int$flags                    temp         00001C
int_func                     intcode_body 000602
intlevel0                    text         000000
intlevel1                    text         000000
intlevel2                    text         000000
intlevel3                    text         000000
isa$std                      (abs)        000001
isa$xinst                    (abs)        000000
smokeDetected@Value          cstackCOMRAM 000001
stackhi                      (abs)        000000
stacklo                      (abs)        000000
start                        init         00000E
start_initialization         cinit        0009FE
tempHigh@Value               cstackCOMRAM 000001
ttemp5                       temp         00001D
ttemp6                       temp         000020
ttemp7                       temp         000024
wtemp8                       temp         00001D


MODULE INFORMATION

Module		Function		Class		Link	Load	Size
Buzzer.c
		_Buzzer_Initialize		CODE           	0B1C	0000	28
		_buzzer_ring   		CODE           	0AB2	0000	38
		_buzzer_close  		CODE           	0B74	0000	10

Buzzer.c estimated size: 76

Setting.c
		_Mode_1_Setting		CODE           	0B86	0000	8
		_Mode_2_Setting		CODE           	0B68	0000	12
		_System_Init   		CODE           	08D0	0000	90
		_Mode_3_Setting		CODE           	0B7E	0000	8

Setting.c estimated size: 118

Main.c
		_smokeDetected 		CODE           	0A8C	0000	38
		_Write_char    		CODE           	0A34	0000	50
		_tempHigh      		CODE           	0A66	0000	38
		_Write_string  		CODE           	09C6	0000	56
		_H_ISR         		CODE           	0008	0000	724
		_main          		CODE           	0B54	0000	20
		_Write         		CODE           	0984	0000	66

Main.c estimated size: 992

shared
		i2_Buzzer_Initialize		CODE           	0B38	0000	28
		__initialization		CODE           	09FE	0000	40
		i2_BlueTooth_Init		CODE           	0AFA	0000	34
		i2_System_Init 		CODE           	092A	0000	90

shared estimated size: 192

bluetooth.c
		_BlueTooth_Init		CODE           	0AD8	0000	34

bluetooth.c estimated size: 34

